[incampus.in/index.html]
[backblue.gif]
[fade.gif]
[index.html]
[cdnjs.cloudflare.com/ajax/libs/font-awesome/4.7.0/css/font-awesome.min.css]
[demo.aarambhathemes.com/buzz-agency/wp-includes/js/wp-emoji-release.min7661.js]
[demo.aarambhathemes.com/buzz-agency/wp-includes/css/dist/block-library/style.min7661.css]
[demo.aarambhathemes.com/buzz-agency/wp-content/plugins/contact-form-7/includes/css/styles6725.css]
[demo.aarambhathemes.com/buzz-agency/wp-content/themes/buzz-agency/assets/css/font-awesome7183.css]
[demo.aarambhathemes.com/buzz-agency/wp-content/themes/buzz-agency/assets/css/owl.carousel.minfa29.css]
[demo.aarambhathemes.com/buzz-agency/wp-content/themes/buzz-agency/assets/css/owl.theme7db6.css]
[demo.aarambhathemes.com/buzz-agency/wp-content/themes/buzz-agency/assets/css/owl.theme.default.minfa29.css]
[demo.aarambhathemes.com/buzz-agency/wp-content/themes/buzz-agency/assets/css/animation8a54.css]
[demo.aarambhathemes.com/buzz-agency/wp-content/themes/buzz-agency/style7661.css]
[demo.aarambhathemes.com/buzz-agency/wp-includes/js/jquery/jquery4a5f.js]
[demo.aarambhathemes.com/buzz-agency/wp-includes/js/jquery/jquery-migrate.min330a.js]
[demo.aarambhathemes.com/buzz-agency/wp-content/themes/buzz-agency/assets/js/owl.carousel.min8743.js]
[demo.aarambhathemes.com/buzz-agency/wp-content/themes/buzz-agency/assets/js/portfolio0dfb.js]
[demo.aarambhathemes.com/buzz-agency/wp-content/themes/buzz-agency/assets/js/waypoint.min1cd5.js]
[demo.aarambhathemes.com/buzz-agency/wp-content/themes/buzz-agency/assets/js/wow.mind6ec.js]
[incampus.in/assets/favicon/favicon-32x32.png]
[incampus.in/assets/favicon/android-chrome-192x192.png]
[incampus.in/assets/favicon/apple-touch-icon.png]
[incampus.in/assets/favicon/favicon.ico]
[incampus.in/logo.png]
[demo.aarambhathemes.com/buzz-agency/wp-content/uploads/2019/09/slider-image_agency-01.png]
[demo.aarambhathemes.com/buzz-agency/wp-content/uploads/2019/09/slider-image_agency-02.png]
[demo.aarambhathemes.com/buzz-agency/wp-content/uploads/2019/09/slider-image_agency-03.png]
[demo.aarambhathemes.com/buzz-agency/wp-content/uploads/2019/09/about-bg.png]
[demo.aarambhathemes.com/buzz-agency/wp-content/uploads/2019/09/process-img.png]
[demo.aarambhathemes.com/buzz-agency/wp-content/uploads/2019/09/process-bg.png]
[demo.aarambhathemes.com/buzz-agency/wp-content/uploads/2019/09/project.png]
[demo.aarambhathemes.com/buzz-agency/wp-content/uploads/2019/09/adobe.png]
[demo.aarambhathemes.com/buzz-agency/wp-content/uploads/2019/09/locked.png]
[demo.aarambhathemes.com/buzz-agency/wp-content/uploads/2019/09/service-img.png]
[incampus.in/brand1.png]
[incampus.in/brand2.png]
[demo.aarambhathemes.com/buzz-agency/wp-content/uploads/2019/09/partner-bg.png]
[incampus.in/review1.jpg]
[demo.aarambhathemes.com/buzz-agency/wp-content/themes/buzz-agency/assets/img/rating.png]
[incampus.in/review2.jpg]
[incampus.in/review4.jpg]
[demo.aarambhathemes.com/buzz-agency/wp-content/uploads/2019/09/testi-img.png]
[incampus.in/assets/img/logo.png]
[demo.aarambhathemes.com/buzz-agency/wp-content/uploads/2019/09/footer-image.png]
[demo.aarambhathemes.com/buzz-agency/wp-content/plugins/contact-form-7/includes/js/scripts6725.js]
[demo.aarambhathemes.com/buzz-agency/wp-content/themes/buzz-agency/js/navigation4a7d.js]
[demo.aarambhathemes.com/buzz-agency/wp-content/themes/buzz-agency/js/skip-link-focus-fix4a7d.js]
[demo.aarambhathemes.com/buzz-agency/wp-content/themes/buzz-agency/assets/js/custom8a54.js]
[demo.aarambhathemes.com/buzz-agency/wp-includes/js/wp-embed.min7661.js]
[demo.aarambhathemes.com/buzz-agency/wp-content/plugins/mailchimp-for-wp/assets/js/forms-api.min2cb6.js]
[incampus.in/index.html]
[cdnjs.cloudflare.com/ajax/libs/font-awesome/4.7.0/css/font-awesome.min.css]
[demo.aarambhathemes.com/buzz-agency/wp-includes/css/dist/block-library/style.min7661.css]
[demo.aarambhathemes.com/buzz-agency/wp-content/plugins/contact-form-7/images/ajax-loader.gif]
[demo.aarambhathemes.com/buzz-agency/wp-content/plugins/contact-form-7/includes/css/styles6725.css]
[demo.aarambhathemes.com/buzz-agency/wp-content/themes/buzz-agency/assets/css/font-awesome7183.css]
[demo.aarambhathemes.com/buzz-agency/wp-content/themes/buzz-agency/assets/css/owl.video.play.png]
[demo.aarambhathemes.com/buzz-agency/wp-content/themes/buzz-agency/assets/css/owl.carousel.minfa29.css]
[demo.aarambhathemes.com/buzz-agency/wp-content/themes/buzz-agency/assets/css/owl.theme7db6.css]
[demo.aarambhathemes.com/buzz-agency/wp-content/themes/buzz-agency/assets/css/owl.theme.default.minfa29.css]
[demo.aarambhathemes.com/buzz-agency/wp-content/themes/buzz-agency/assets/css/animation8a54.css]
[demo.aarambhathemes.com/buzz-agency/wp-content/themes/buzz-agency/assets/img/search-icon.png]
[demo.aarambhathemes.com/buzz-agency/wp-content/themes/buzz-agency/assets/img/xsearch-icon1-01-min.png]
[demo.aarambhathemes.com/buzz-agency/wp-content/themes/buzz-agency/style7661.css]
[demo.aarambhathemes.com/buzz-agency/wp-content/plugins/mailchimp-for-wp/assets/js/forms-api.min2cb6.html]
[demo.aarambhathemes.com/buzz-agency/wp-content/themes/buzz-agency/assets/css/owl.video.play.html]
[demo.aarambhathemes.com/buzz-agency/wp-content/themes/buzz-agency/assets/img/search-icon.html]
